******************************************************************************
                  TI ARM Linker PC v18.12.1                    
******************************************************************************
>> Linked Wed Dec 11 17:29:16 2019

OUTPUT FILE NAME:   <EGCP_450_Lab_7_Part_2_Template.out>
ENTRY POINT SYMBOL: "_c_int00_noargs"  address: 000009b5


MEMORY CONFIGURATION

         name            origin    length      used     unused   attr    fill
----------------------  --------  ---------  --------  --------  ----  --------
  MAIN                  00000000   00040000  00000a16  0003f5ea  R  X
  INFO                  00200000   00004000  00000000  00004000  R  X
  SRAM_CODE             01000000   00010000  00000000  00010000  RW X
  SRAM_DATA             20000000   00010000  00000212  0000fdee  RW  


SEGMENT ALLOCATION MAP

run origin  load origin   length   init length attrs members
----------  ----------- ---------- ----------- ----- -------
00000000    00000000    00000a1c   00000a1c    r-x
  00000000    00000000    00000144   00000144    r-- .intvecs
  00000144    00000144    000008be   000008be    r-x .text
  00000a08    00000a08    00000014   00000014    r-- .cinit
20000000    20000000    00000012   00000000    rw-
  20000000    20000000    00000012   00000000    rw- .bss
2000fe00    2000fe00    00000200   00000000    rw-
  2000fe00    2000fe00    00000200   00000000    rw- .stack


SECTION ALLOCATION MAP

 output                                  attributes/
section   page    origin      length       input sections
--------  ----  ----------  ----------   ----------------
.intvecs   0    00000000    00000144     
                  00000000    00000144     msp432_startup_ccs.obj (.intvecs)

.text      0    00000144    000008be     
                  00000144    0000052c     LCD.obj (.text)
                  00000670    00000144     SysTickInts.obj (.text)
                  000007b4    000000b4     ADC14.obj (.text)
                  00000868    0000009a     msp432_startup_ccs.obj (.text)
                  00000902    00000002     --HOLE-- [fill = 0]
                  00000904    0000006c     main.obj (.text)
                  00000970    00000044     rtsv7M4_T_le_v4SPD16_eabi.lib : autoinit.c.obj (.text:__TI_auto_init_nobinit_nopinit:__TI_auto_init_nobinit_nopinit)
                  000009b4    00000034                                   : boot_cortex_m.c.obj (.text:_c_int00_noargs:_c_int00_noargs)
                  000009e8    00000012                                   : copy_zero_init.c.obj (.text:decompress:ZI:__TI_zero_init_nomemset:__TI_zero_init_nomemset)
                  000009fa    00000004                                   : pre_init.c.obj (.text:_system_pre_init)
                  000009fe    00000004                                   : exit.c.obj (.text:abort:abort)

.cinit     0    00000a08    00000014     
                  00000a08    00000008     (.cinit..bss.load) [load image, compression = zero_init]
                  00000a10    00000004     (__TI_handler_table)
                  00000a14    00000008     (__TI_cinit_table)

.bss       0    20000000    00000012     UNINITIALIZED
                  20000000    00000004     (.common:ADCStatus)
                  20000004    00000004     (.common:ADCvalue)
                  20000008    00000004     (.common:Counts)
                  2000000c    00000004     (.common:wait_per)
                  20000010    00000001     (.common:LCD_E)
                  20000011    00000001     (.common:LCD_RS)

.stack     0    2000fe00    00000200     UNINITIALIZED
                  2000fe00    00000004     rtsv7M4_T_le_v4SPD16_eabi.lib : boot_cortex_m.c.obj (.stack)
                  2000fe04    000001fc     --HOLE--

MODULE SUMMARY

       Module                   code   ro data   rw data
       ------                   ----   -------   -------
    .\
       LCD.obj                  1324   0         2      
       msp432_startup_ccs.obj   154    324       0      
       SysTickInts.obj          324    0         16     
       ADC14.obj                180    0         0      
       main.obj                 108    0         0      
    +--+------------------------+------+---------+---------+
       Total:                   2090   324       18     
                                                        
    C:\ti\ccs901\ccs\tools\compiler\ti-cgt-arm_18.12.1.LTS\lib\rtsv7M4_T_le_v4SPD16_eabi.lib
       autoinit.c.obj           68     0         0      
       boot_cortex_m.c.obj      52     0         0      
       copy_zero_init.c.obj     18     0         0      
       exit.c.obj               4      0         0      
       pre_init.c.obj           4      0         0      
    +--+------------------------+------+---------+---------+
       Total:                   146    0         0      
                                                        
       Stack:                   0      0         512    
       Linker Generated:        0      20        0      
    +--+------------------------+------+---------+---------+
       Grand Total:             2236   344       530    


LINKER GENERATED COPY TABLES

__TI_cinit_table @ 00000a14 records: 1, size/record: 8, table size: 8
	.bss: load addr=00000a08, load size=00000008 bytes, run addr=20000000, run size=00000012 bytes, compression=zero_init


LINKER GENERATED HANDLER TABLE

__TI_handler_table @ 00000a10 records: 1, size/record: 4, table size: 4
	index: 0, handler: __TI_zero_init


GLOBAL SYMBOLS: SORTED ALPHABETICALLY BY Name 

address   name                          
-------   ----                          
000007b5  ADC0_InitSWTriggerCh0         
000008bd  ADC14_IRQHandler              
20000000  ADCStatus                     
0000081d  ADC_In                        
0000093d  ADC_conversion                
20000004  ADCvalue                      
000008c5  AES256_IRQHandler             
000009ff  C$$EXIT                       
00000899  COMP_E0_IRQHandler            
0000089b  COMP_E1_IRQHandler            
0000088f  CS_IRQHandler                 
20000008  Counts                        
000008c9  DMA_ERR_IRQHandler            
000008d1  DMA_INT0_IRQHandler           
000008cf  DMA_INT1_IRQHandler           
000008cd  DMA_INT2_IRQHandler           
000008cb  DMA_INT3_IRQHandler           
00000887  DebugMon_Handler              
000008df  DisableInterrupts             
000008ad  EUSCIA0_IRQHandler            
000008af  EUSCIA1_IRQHandler            
000008b1  EUSCIA2_IRQHandler            
000008b3  EUSCIA3_IRQHandler            
000008b5  EUSCIB0_IRQHandler            
000008b7  EUSCIB1_IRQHandler            
000008b9  EUSCIB2_IRQHandler            
000008bb  EUSCIB3_IRQHandler            
000008e5  EnableInterrupts              
000008f5  EndCritical                   
00000897  FLCTL_IRQHandler              
00000895  FPU_IRQHandler                
000001b7  LCD_Clear                     
20000010  LCD_E                         
000001c7  LCD_Init                      
00000257  LCD_OutChar                   
00000299  LCD_OutCmd                    
000002db  LCD_OutString                 
00000365  LCD_OutUDec                   
00000491  LCD_OutUFix                   
000003e1  LCD_OutUHex                   
20000011  LCD_RS                        
00000145  OutPort6                      
00000891  PCM_IRQHandler                
000008d3  PORT1_IRQHandler              
000008d5  PORT2_IRQHandler              
000008d7  PORT3_IRQHandler              
000008d9  PORT4_IRQHandler              
000008db  PORT5_IRQHandler              
000008dd  PORT6_IRQHandler              
0000088d  PSS_IRQHandler                
00000889  PendSV_Handler                
000008c7  RTC_C_IRQHandler              
00000885  SVC_Handler                   
00000181  SendChar                      
0000019d  SendCmd                       
00000159  SendPulse                     
000008eb  StartCritical                 
000006df  SysTick_Handler               
00000671  SysTick_Init                  
00000705  SysTick_MailFlag              
00000713  SysTick_Mailbox               
0000070b  SysTick_ResetFlag             
00000719  SysTick_Wait                  
00000751  SysTick_Wait10ms              
000008bf  T32_INT1_IRQHandler           
000008c1  T32_INT2_IRQHandler           
000008c3  T32_INTC_IRQHandler           
0000089d  TA0_0_IRQHandler              
0000089f  TA0_N_IRQHandler              
000008a1  TA1_0_IRQHandler              
000008a3  TA1_N_IRQHandler              
000008a5  TA2_0_IRQHandler              
000008a7  TA2_N_IRQHandler              
000008a9  TA3_0_IRQHandler              
000008ab  TA3_N_IRQHandler              
4000480c  WDTCTL_SYM                    
00000893  WDT_A_IRQHandler              
000008fd  WaitForInterrupt              
20010000  __STACK_END                   
00000200  __STACK_SIZE                  
00000a14  __TI_CINIT_Base               
00000a1c  __TI_CINIT_Limit              
00000a10  __TI_Handler_Table_Base       
00000a14  __TI_Handler_Table_Limit      
00000971  __TI_auto_init_nobinit_nopinit
ffffffff  __TI_pprof_out_hndl           
ffffffff  __TI_prof_data_size           
ffffffff  __TI_prof_data_start          
00000000  __TI_static_base__            
000009e9  __TI_zero_init_nomemset       
ffffffff  __binit__                     
ffffffff  __c_args__                    
UNDEFED   __mpu_init                    
2000fe00  __stack                       
000009b5  _c_int00_noargs               
UNDEFED   _system_post_cinit            
000009fb  _system_pre_init              
000009ff  abort                         
ffffffff  binit                         
0000063f  delay                         
00000000  interruptVectors              
00000905  main                          
2000000c  wait_per                      


GLOBAL SYMBOLS: SORTED BY Symbol Address 

address   name                          
-------   ----                          
00000000  __TI_static_base__            
00000000  interruptVectors              
00000145  OutPort6                      
00000159  SendPulse                     
00000181  SendChar                      
0000019d  SendCmd                       
000001b7  LCD_Clear                     
000001c7  LCD_Init                      
00000200  __STACK_SIZE                  
00000257  LCD_OutChar                   
00000299  LCD_OutCmd                    
000002db  LCD_OutString                 
00000365  LCD_OutUDec                   
000003e1  LCD_OutUHex                   
00000491  LCD_OutUFix                   
0000063f  delay                         
00000671  SysTick_Init                  
000006df  SysTick_Handler               
00000705  SysTick_MailFlag              
0000070b  SysTick_ResetFlag             
00000713  SysTick_Mailbox               
00000719  SysTick_Wait                  
00000751  SysTick_Wait10ms              
000007b5  ADC0_InitSWTriggerCh0         
0000081d  ADC_In                        
00000885  SVC_Handler                   
00000887  DebugMon_Handler              
00000889  PendSV_Handler                
0000088d  PSS_IRQHandler                
0000088f  CS_IRQHandler                 
00000891  PCM_IRQHandler                
00000893  WDT_A_IRQHandler              
00000895  FPU_IRQHandler                
00000897  FLCTL_IRQHandler              
00000899  COMP_E0_IRQHandler            
0000089b  COMP_E1_IRQHandler            
0000089d  TA0_0_IRQHandler              
0000089f  TA0_N_IRQHandler              
000008a1  TA1_0_IRQHandler              
000008a3  TA1_N_IRQHandler              
000008a5  TA2_0_IRQHandler              
000008a7  TA2_N_IRQHandler              
000008a9  TA3_0_IRQHandler              
000008ab  TA3_N_IRQHandler              
000008ad  EUSCIA0_IRQHandler            
000008af  EUSCIA1_IRQHandler            
000008b1  EUSCIA2_IRQHandler            
000008b3  EUSCIA3_IRQHandler            
000008b5  EUSCIB0_IRQHandler            
000008b7  EUSCIB1_IRQHandler            
000008b9  EUSCIB2_IRQHandler            
000008bb  EUSCIB3_IRQHandler            
000008bd  ADC14_IRQHandler              
000008bf  T32_INT1_IRQHandler           
000008c1  T32_INT2_IRQHandler           
000008c3  T32_INTC_IRQHandler           
000008c5  AES256_IRQHandler             
000008c7  RTC_C_IRQHandler              
000008c9  DMA_ERR_IRQHandler            
000008cb  DMA_INT3_IRQHandler           
000008cd  DMA_INT2_IRQHandler           
000008cf  DMA_INT1_IRQHandler           
000008d1  DMA_INT0_IRQHandler           
000008d3  PORT1_IRQHandler              
000008d5  PORT2_IRQHandler              
000008d7  PORT3_IRQHandler              
000008d9  PORT4_IRQHandler              
000008db  PORT5_IRQHandler              
000008dd  PORT6_IRQHandler              
000008df  DisableInterrupts             
000008e5  EnableInterrupts              
000008eb  StartCritical                 
000008f5  EndCritical                   
000008fd  WaitForInterrupt              
00000905  main                          
0000093d  ADC_conversion                
00000971  __TI_auto_init_nobinit_nopinit
000009b5  _c_int00_noargs               
000009e9  __TI_zero_init_nomemset       
000009fb  _system_pre_init              
000009ff  C$$EXIT                       
000009ff  abort                         
00000a10  __TI_Handler_Table_Base       
00000a14  __TI_CINIT_Base               
00000a14  __TI_Handler_Table_Limit      
00000a1c  __TI_CINIT_Limit              
20000000  ADCStatus                     
20000004  ADCvalue                      
20000008  Counts                        
2000000c  wait_per                      
20000010  LCD_E                         
20000011  LCD_RS                        
2000fe00  __stack                       
20010000  __STACK_END                   
4000480c  WDTCTL_SYM                    
ffffffff  __TI_pprof_out_hndl           
ffffffff  __TI_prof_data_size           
ffffffff  __TI_prof_data_start          
ffffffff  __binit__                     
ffffffff  __c_args__                    
ffffffff  binit                         
UNDEFED   __mpu_init                    
UNDEFED   _system_post_cinit            

[103 symbols]
