******************************************************************************
                  TI ARM Linker PC v5.2.7                      
******************************************************************************
>> Linked Tue Aug 16 13:33:48 2016

OUTPUT FILE NAME:   <EGCP_450_Lab_7.out>
ENTRY POINT SYMBOL: "_c_int00"  address: 000009e9


MEMORY CONFIGURATION

         name            origin    length      used     unused   attr    fill
----------------------  --------  ---------  --------  --------  ----  --------
  MAIN                  00000000   00040000  00000b98  0003f468  R  X
  INFO                  00200000   00004000  00000000  00004000  R  X
  SRAM_CODE             01000000   00010000  00000000  00010000  RW X
  SRAM_DATA             20000000   00010000  0000022a  0000fdd6  RW  


SEGMENT ALLOCATION MAP

run origin  load origin   length   init length attrs members
----------  ----------- ---------- ----------- ----- -------
00000000    00000000    00000b98   00000b98    r-x
  00000000    00000000    00000144   00000144    r-- .intvecs
  00000144    00000144    00000a1c   00000a1c    r-x .text
  00000b60    00000b60    00000038   00000038    r-- .cinit
20000000    20000000    0000002a   00000000    rw-
  20000000    20000000    00000028   00000000    rw- .data
  20000028    20000028    00000002   00000000    rw- .bss
2000fe00    2000fe00    00000200   00000000    rw-
  2000fe00    2000fe00    00000200   00000000    rw- .stack


SECTION ALLOCATION MAP

 output                                  attributes/
section   page    origin      length       input sections
--------  ----  ----------  ----------   ----------------
.intvecs   0    00000000    00000144     
                  00000000    00000144     msp432_startup_ccs.obj (.intvecs)

.text      0    00000144    00000a1c     
                  00000144    00000330     ClockSystem.obj (.text)
                  00000474    00000274     LCD.obj (.text)
                  000006e8    0000009c     rtsv7M4_T_le_v4SPD16_eabi.lib : memcpy_t2.obj (.text)
                  00000784    0000009a     msp432_startup_ccs.obj (.text)
                  0000081e    0000007a     rtsv7M4_T_le_v4SPD16_eabi.lib : memset_t2.obj (.text)
                  00000898    00000078     SysTick.obj (.text)
                  00000910    0000006c     rtsv7M4_T_le_v4SPD16_eabi.lib : autoinit.obj (.text)
                  0000097c    0000006a                                   : copy_decompress_rle.obj (.text)
                  000009e6    00000002     --HOLE-- [fill = 0]
                  000009e8    00000050                                   : boot.obj (.text)
                  00000a38    0000004c                                   : cpy_tbl.obj (.text)
                  00000a84    00000048     main.obj (.text)
                  00000acc    00000044     rtsv7M4_T_le_v4SPD16_eabi.lib : exit.obj (.text)
                  00000b10    00000018                                   : args_main.obj (.text)
                  00000b28    00000014                                   : _lock.obj (.text)
                  00000b3c    0000000e                                   : copy_decompress_none.obj (.text:decompress:none)
                  00000b4a    0000000c                                   : copy_zero_init.obj (.text:decompress:ZI)
                  00000b56    00000006                                   : copy_decompress_rle.obj (.text:decompress:rle24)
                  00000b5c    00000004                                   : pre_init.obj (.text)

.cinit     0    00000b60    00000038     
                  00000b60    00000012     (.cinit..data.load) [load image, compression = rle]
                  00000b72    00000002     --HOLE-- [fill = 0]
                  00000b74    0000000c     (__TI_handler_table)
                  00000b80    00000008     (.cinit..bss.load) [load image, compression = zero_init]
                  00000b88    00000010     (__TI_cinit_table)

.data      0    20000000    00000028     UNINITIALIZED
                  20000000    00000014     ClockSystem.obj (.data)
                  20000014    00000008     rtsv7M4_T_le_v4SPD16_eabi.lib : _lock.obj (.data)
                  2000001c    00000008                                   : exit.obj (.data)
                  20000024    00000004                                   : stkdepth_vars.obj (.data)

.bss       0    20000028    00000002     UNINITIALIZED
                  20000028    00000001     (.common:LCD_E)
                  20000029    00000001     (.common:LCD_RS)

.TI.persistent 
*          0    20000000    00000000     UNINITIALIZED

.TI.noinit 
*          0    20000028    00000000     UNINITIALIZED

.stack     0    2000fe00    00000200     UNINITIALIZED
                  2000fe00    00000200     --HOLE--


LINKER GENERATED COPY TABLES

__TI_cinit_table @ 00000b88 records: 2, size/record: 8, table size: 16
	.data: load addr=00000b60, load size=00000012 bytes, run addr=20000000, run size=00000028 bytes, compression=rle
	.bss: load addr=00000b80, load size=00000008 bytes, run addr=20000028, run size=00000002 bytes, compression=zero_init


LINKER GENERATED HANDLER TABLE

__TI_handler_table @ 00000b74 records: 3, size/record: 4, table size: 12
	index: 0, handler: __TI_decompress_rle24
	index: 1, handler: __TI_decompress_none
	index: 2, handler: __TI_zero_init


GLOBAL SYMBOLS: SORTED ALPHABETICALLY BY Name 

address   name                    
-------   ----                    
000007d9  ADC14_IRQHandler        
000007e1  AES256_IRQHandler       
00000acd  C$$EXIT                 
000007b5  COMP_E0_IRQHandler      
000007b7  COMP_E1_IRQHandler      
20000004  CPMwait                 
000007ab  CS_IRQHandler           
00000145  Clock_Init              
0000027f  Clock_Init32kHz         
0000018f  Clock_Init48MHz         
00000371  Clock_InitLowPower      
20000010  Crystalstable           
000007e5  DMA_ERR_IRQHandler      
000007ed  DMA_INT0_IRQHandler     
000007eb  DMA_INT1_IRQHandler     
000007e9  DMA_INT2_IRQHandler     
000007e7  DMA_INT3_IRQHandler     
000007a3  DebugMon_Handler        
000007fb  DisableInterrupts       
000007c9  EUSCIA0_IRQHandler      
000007cb  EUSCIA1_IRQHandler      
000007cd  EUSCIA2_IRQHandler      
000007cf  EUSCIA3_IRQHandler      
000007d1  EUSCIB0_IRQHandler      
000007d3  EUSCIB1_IRQHandler      
000007d5  EUSCIB2_IRQHandler      
000007d7  EUSCIB3_IRQHandler      
00000801  EnableInterrupts        
00000811  EndCritical             
000007b3  FLCTL_IRQHandler        
000007b1  FPU_IRQHandler          
2000000c  IFlags                  
00000509  LCD_Clear               
20000028  LCD_E                   
00000519  LCD_Init                
000005af  LCD_OutChar             
000005f1  LCD_OutCmd              
00000633  LCD_OutString           
00000651  LCD_OutUDec             
00000681  LCD_OutUHex             
20000029  LCD_RS                  
00000475  OutPort6                
000007ad  PCM_IRQHandler          
000007ef  PORT1_IRQHandler        
000007f1  PORT2_IRQHandler        
000007f3  PORT3_IRQHandler        
000007f5  PORT4_IRQHandler        
000007f7  PORT5_IRQHandler        
000007f9  PORT6_IRQHandler        
000007a9  PSS_IRQHandler          
000007a5  PendSV_Handler          
20000008  Postwait                
20000000  Prewait                 
00000489  PulseChar               
000007e3  RTC_C_IRQHandler        
UNDEFED   SHT$$INIT_ARRAY$$Base   
UNDEFED   SHT$$INIT_ARRAY$$Limit  
000007a1  SVC_Handler             
000004c9  SendCmd                 
00000807  StartCritical           
000007a7  SysTick_Handler         
00000899  SysTick_Init            
000008b5  SysTick_Wait            
000008db  SysTick_Wait10ms        
000007db  T32_INT1_IRQHandler     
000007dd  T32_INT2_IRQHandler     
000007df  T32_INTC_IRQHandler     
000007b9  TA0_0_IRQHandler        
000007bb  TA0_N_IRQHandler        
000007bd  TA1_0_IRQHandler        
000007bf  TA1_N_IRQHandler        
000007c1  TA2_0_IRQHandler        
000007c3  TA2_N_IRQHandler        
000007c5  TA3_0_IRQHandler        
000007c7  TA3_N_IRQHandler        
4000480c  WDTCTL_SYM              
000007af  WDT_A_IRQHandler        
00000819  WaitForInterrupt        
20010000  __STACK_END             
00000200  __STACK_SIZE            
00000b88  __TI_CINIT_Base         
00000b98  __TI_CINIT_Limit        
00000b74  __TI_Handler_Table_Base 
00000b80  __TI_Handler_Table_Limit
00000911  __TI_auto_init          
2000001c  __TI_cleanup_ptr        
00000b3d  __TI_decompress_none    
00000b57  __TI_decompress_rle24   
20000020  __TI_dtors_ptr          
00000000  __TI_static_base__      
00000b4b  __TI_zero_init          
0000081f  __aeabi_memclr          
0000081f  __aeabi_memclr4         
0000081f  __aeabi_memclr8         
000006e9  __aeabi_memcpy          
000006e9  __aeabi_memcpy4         
000006e9  __aeabi_memcpy8         
00000821  __aeabi_memset          
00000821  __aeabi_memset4         
00000821  __aeabi_memset8         
ffffffff  __binit__               
ffffffff  __c_args__              
2000fe00  __stack                 
00000b11  _args_main              
000009e9  _c_int00                
20000014  _lock                   
00000b37  _nop                    
00000b2f  _register_lock          
00000b29  _register_unlock        
00000b5d  _system_pre_init        
20000018  _unlock                 
00000ad1  abort                   
ffffffff  binit                   
00000a39  copy_in                 
00000ad9  exit                    
00000000  interruptVectors        
00000a85  main                    
20000024  main_func_sp            
000006e9  memcpy                  
00000827  memset                  


GLOBAL SYMBOLS: SORTED BY Symbol Address 

address   name                    
-------   ----                    
00000000  __TI_static_base__      
00000000  interruptVectors        
00000145  Clock_Init              
0000018f  Clock_Init48MHz         
00000200  __STACK_SIZE            
0000027f  Clock_Init32kHz         
00000371  Clock_InitLowPower      
00000475  OutPort6                
00000489  PulseChar               
000004c9  SendCmd                 
00000509  LCD_Clear               
00000519  LCD_Init                
000005af  LCD_OutChar             
000005f1  LCD_OutCmd              
00000633  LCD_OutString           
00000651  LCD_OutUDec             
00000681  LCD_OutUHex             
000006e9  __aeabi_memcpy          
000006e9  __aeabi_memcpy4         
000006e9  __aeabi_memcpy8         
000006e9  memcpy                  
000007a1  SVC_Handler             
000007a3  DebugMon_Handler        
000007a5  PendSV_Handler          
000007a7  SysTick_Handler         
000007a9  PSS_IRQHandler          
000007ab  CS_IRQHandler           
000007ad  PCM_IRQHandler          
000007af  WDT_A_IRQHandler        
000007b1  FPU_IRQHandler          
000007b3  FLCTL_IRQHandler        
000007b5  COMP_E0_IRQHandler      
000007b7  COMP_E1_IRQHandler      
000007b9  TA0_0_IRQHandler        
000007bb  TA0_N_IRQHandler        
000007bd  TA1_0_IRQHandler        
000007bf  TA1_N_IRQHandler        
000007c1  TA2_0_IRQHandler        
000007c3  TA2_N_IRQHandler        
000007c5  TA3_0_IRQHandler        
000007c7  TA3_N_IRQHandler        
000007c9  EUSCIA0_IRQHandler      
000007cb  EUSCIA1_IRQHandler      
000007cd  EUSCIA2_IRQHandler      
000007cf  EUSCIA3_IRQHandler      
000007d1  EUSCIB0_IRQHandler      
000007d3  EUSCIB1_IRQHandler      
000007d5  EUSCIB2_IRQHandler      
000007d7  EUSCIB3_IRQHandler      
000007d9  ADC14_IRQHandler        
000007db  T32_INT1_IRQHandler     
000007dd  T32_INT2_IRQHandler     
000007df  T32_INTC_IRQHandler     
000007e1  AES256_IRQHandler       
000007e3  RTC_C_IRQHandler        
000007e5  DMA_ERR_IRQHandler      
000007e7  DMA_INT3_IRQHandler     
000007e9  DMA_INT2_IRQHandler     
000007eb  DMA_INT1_IRQHandler     
000007ed  DMA_INT0_IRQHandler     
000007ef  PORT1_IRQHandler        
000007f1  PORT2_IRQHandler        
000007f3  PORT3_IRQHandler        
000007f5  PORT4_IRQHandler        
000007f7  PORT5_IRQHandler        
000007f9  PORT6_IRQHandler        
000007fb  DisableInterrupts       
00000801  EnableInterrupts        
00000807  StartCritical           
00000811  EndCritical             
00000819  WaitForInterrupt        
0000081f  __aeabi_memclr          
0000081f  __aeabi_memclr4         
0000081f  __aeabi_memclr8         
00000821  __aeabi_memset          
00000821  __aeabi_memset4         
00000821  __aeabi_memset8         
00000827  memset                  
00000899  SysTick_Init            
000008b5  SysTick_Wait            
000008db  SysTick_Wait10ms        
00000911  __TI_auto_init          
000009e9  _c_int00                
00000a39  copy_in                 
00000a85  main                    
00000acd  C$$EXIT                 
00000ad1  abort                   
00000ad9  exit                    
00000b11  _args_main              
00000b29  _register_unlock        
00000b2f  _register_lock          
00000b37  _nop                    
00000b3d  __TI_decompress_none    
00000b4b  __TI_zero_init          
00000b57  __TI_decompress_rle24   
00000b5d  _system_pre_init        
00000b74  __TI_Handler_Table_Base 
00000b80  __TI_Handler_Table_Limit
00000b88  __TI_CINIT_Base         
00000b98  __TI_CINIT_Limit        
20000000  Prewait                 
20000004  CPMwait                 
20000008  Postwait                
2000000c  IFlags                  
20000010  Crystalstable           
20000014  _lock                   
20000018  _unlock                 
2000001c  __TI_cleanup_ptr        
20000020  __TI_dtors_ptr          
20000024  main_func_sp            
20000028  LCD_E                   
20000029  LCD_RS                  
2000fe00  __stack                 
20010000  __STACK_END             
4000480c  WDTCTL_SYM              
ffffffff  __binit__               
ffffffff  __c_args__              
ffffffff  binit                   
UNDEFED   SHT$$INIT_ARRAY$$Base   
UNDEFED   SHT$$INIT_ARRAY$$Limit  

[120 symbols]
