V1 13
FL e:/egcp447/assignment2/assignment2-copy/assignment2copy/ScanFF.vhd 2019/10/28.17:35:12
FL e:/egcp447/assignment2/assignment2-copy/assignment2copy/../Assignment2/sec_corrector.vhd 2019/10/28.17:15:14
FL E:/EGCP447/Assignment2/Assignment2-Copy/Assignment2Copy/ScanFF.vhd 2019/10/30.16:03:46
EN work/SCANFF \
      FL E:/EGCP447/Assignment2/Assignment2-Copy/Assignment2Copy/ScanFF.vhd \
      PB ieee/STD_LOGIC_1164 PB ieee/STD_LOGIC_ARITH PB ieee/STD_LOGIC_UNSIGNED
AR work/SCANFF/BEHAVIORAL \
      FL E:/EGCP447/Assignment2/Assignment2-Copy/Assignment2Copy/ScanFF.vhd \
      EN work/SCANFF
FL E:/EGCP447/Assignment2/Assignment2-Copy/Assignment2Copy/../Assignment2/sec_func.vhd 2019/10/29.17:24:28
EN work/SEC_FUNC \
      FL E:/EGCP447/Assignment2/Assignment2-Copy/Assignment2Copy/../Assignment2/sec_func.vhd \
      PB ieee/STD_LOGIC_1164 PB ieee/STD_LOGIC_ARITH PB ieee/STD_LOGIC_UNSIGNED
AR work/SEC_FUNC/BEHAVIORAL \
      FL E:/EGCP447/Assignment2/Assignment2-Copy/Assignment2Copy/../Assignment2/sec_func.vhd \
      EN work/SEC_FUNC  CP SCANFF
FL e:/egcp447/assignment2/assignment2-copy/assignment2copy/../Assignment2/sec_func.vhd 2019/10/28.17:17:52
FL E:/EGCP447/Assignment2/Assignment2-Copy/Assignment2Copy/../Assignment2/sec_corrector.vhd 2019/10/30.15:50:30
EN work/SEC_CORRECTOR \
      FL E:/EGCP447/Assignment2/Assignment2-Copy/Assignment2Copy/../Assignment2/sec_corrector.vhd \
      PB ieee/STD_LOGIC_1164 PH ieee/NUMERIC_STD
AR work/SEC_CORRECTOR/BEHAVIORAL \
      FL E:/EGCP447/Assignment2/Assignment2-Copy/Assignment2Copy/../Assignment2/sec_corrector.vhd \
      EN work/SEC_CORRECTOR CP SCANFF
