******************************************************************************
                  TI ARM Linker PC v18.12.1                    
******************************************************************************
>> Linked Wed Oct 23 17:05:05 2019

OUTPUT FILE NAME:   <EGCP_450_Lab_6.out>
ENTRY POINT SYMBOL: "_c_int00_noargs"  address: 0000027d


MEMORY CONFIGURATION

         name            origin    length      used     unused   attr    fill
----------------------  --------  ---------  --------  --------  ----  --------
  MAIN                  00000000   00040000  000002de  0003fd22  R  X
  INFO                  00200000   00004000  00000000  00004000  R  X
  SRAM_CODE             01000000   00010000  00000000  00010000  RW X
  SRAM_DATA             20000000   00010000  00000204  0000fdfc  RW  


SEGMENT ALLOCATION MAP

run origin  load origin   length   init length attrs members
----------  ----------- ---------- ----------- ----- -------
00000000    00000000    000002e4   000002e4    r-x
  00000000    00000000    00000144   00000144    r-- .intvecs
  00000144    00000144    00000186   00000186    r-x .text
  000002d0    000002d0    00000014   00000014    r-- .cinit
20000000    20000000    00000004   00000000    rw-
  20000000    20000000    00000004   00000000    rw- .bss
2000fe00    2000fe00    00000200   00000000    rw-
  2000fe00    2000fe00    00000200   00000000    rw- .stack


SECTION ALLOCATION MAP

 output                                  attributes/
section   page    origin      length       input sections
--------  ----  ----------  ----------   ----------------
.intvecs   0    00000000    00000144     
                  00000000    00000144     msp432_startup_ccs.obj (.intvecs)

.text      0    00000144    00000186     
                  00000144    0000009a     msp432_startup_ccs.obj (.text)
                  000001de    00000002     main.obj (.text)
                  000001e0    00000058     SysTickInts.obj (.text)
                  00000238    00000044     rtsv7M4_T_le_v4SPD16_eabi.lib : autoinit.c.obj (.text:__TI_auto_init_nobinit_nopinit:__TI_auto_init_nobinit_nopinit)
                  0000027c    00000034                                   : boot_cortex_m.c.obj (.text:_c_int00_noargs:_c_int00_noargs)
                  000002b0    00000012                                   : copy_zero_init.c.obj (.text:decompress:ZI:__TI_zero_init_nomemset:__TI_zero_init_nomemset)
                  000002c2    00000004                                   : pre_init.c.obj (.text:_system_pre_init)
                  000002c6    00000004                                   : exit.c.obj (.text:abort:abort)

.cinit     0    000002d0    00000014     
                  000002d0    00000008     (.cinit..bss.load) [load image, compression = zero_init]
                  000002d8    00000004     (__TI_handler_table)
                  000002dc    00000008     (__TI_cinit_table)

.bss       0    20000000    00000004     UNINITIALIZED
                  20000000    00000004     (.common:Counts)

.stack     0    2000fe00    00000200     UNINITIALIZED
                  2000fe00    00000004     rtsv7M4_T_le_v4SPD16_eabi.lib : boot_cortex_m.c.obj (.stack)
                  2000fe04    000001fc     --HOLE--

MODULE SUMMARY

       Module                   code   ro data   rw data
       ------                   ----   -------   -------
    .\
       msp432_startup_ccs.obj   154    324       0      
       SysTickInts.obj          88     0         4      
       main.obj                 2      0         0      
    +--+------------------------+------+---------+---------+
       Total:                   244    324       4      
                                                        
    C:\ti\ccs901\ccs\tools\compiler\ti-cgt-arm_18.12.1.LTS\lib\rtsv7M4_T_le_v4SPD16_eabi.lib
       autoinit.c.obj           68     0         0      
       boot_cortex_m.c.obj      52     0         0      
       copy_zero_init.c.obj     18     0         0      
       exit.c.obj               4      0         0      
       pre_init.c.obj           4      0         0      
    +--+------------------------+------+---------+---------+
       Total:                   146    0         0      
                                                        
       Stack:                   0      0         512    
       Linker Generated:        0      20        0      
    +--+------------------------+------+---------+---------+
       Grand Total:             390    344       516    


LINKER GENERATED COPY TABLES

__TI_cinit_table @ 000002dc records: 1, size/record: 8, table size: 8
	.bss: load addr=000002d0, load size=00000008 bytes, run addr=20000000, run size=00000004 bytes, compression=zero_init


LINKER GENERATED HANDLER TABLE

__TI_handler_table @ 000002d8 records: 1, size/record: 4, table size: 4
	index: 0, handler: __TI_zero_init


GLOBAL SYMBOLS: SORTED ALPHABETICALLY BY Name 

address   name                          
-------   ----                          
00000199  ADC14_IRQHandler              
000001a1  AES256_IRQHandler             
000002c7  C$$EXIT                       
00000175  COMP_E0_IRQHandler            
00000177  COMP_E1_IRQHandler            
0000016b  CS_IRQHandler                 
20000000  Counts                        
000001a5  DMA_ERR_IRQHandler            
000001ad  DMA_INT0_IRQHandler           
000001ab  DMA_INT1_IRQHandler           
000001a9  DMA_INT2_IRQHandler           
000001a7  DMA_INT3_IRQHandler           
00000163  DebugMon_Handler              
000001bb  DisableInterrupts             
00000189  EUSCIA0_IRQHandler            
0000018b  EUSCIA1_IRQHandler            
0000018d  EUSCIA2_IRQHandler            
0000018f  EUSCIA3_IRQHandler            
00000191  EUSCIB0_IRQHandler            
00000193  EUSCIB1_IRQHandler            
00000195  EUSCIB2_IRQHandler            
00000197  EUSCIB3_IRQHandler            
000001c1  EnableInterrupts              
000001d1  EndCritical                   
00000173  FLCTL_IRQHandler              
00000171  FPU_IRQHandler                
0000016d  PCM_IRQHandler                
000001af  PORT1_IRQHandler              
000001b1  PORT2_IRQHandler              
000001b3  PORT3_IRQHandler              
000001b5  PORT4_IRQHandler              
000001b7  PORT5_IRQHandler              
000001b9  PORT6_IRQHandler              
00000169  PSS_IRQHandler                
00000165  PendSV_Handler                
000001a3  RTC_C_IRQHandler              
00000161  SVC_Handler                   
000001c7  StartCritical                 
00000223  SysTick_Handler               
000001e1  SysTick_Init                  
0000019b  T32_INT1_IRQHandler           
0000019d  T32_INT2_IRQHandler           
0000019f  T32_INTC_IRQHandler           
00000179  TA0_0_IRQHandler              
0000017b  TA0_N_IRQHandler              
0000017d  TA1_0_IRQHandler              
0000017f  TA1_N_IRQHandler              
00000181  TA2_0_IRQHandler              
00000183  TA2_N_IRQHandler              
00000185  TA3_0_IRQHandler              
00000187  TA3_N_IRQHandler              
4000480c  WDTCTL_SYM                    
0000016f  WDT_A_IRQHandler              
000001d9  WaitForInterrupt              
20010000  __STACK_END                   
00000200  __STACK_SIZE                  
000002dc  __TI_CINIT_Base               
000002e4  __TI_CINIT_Limit              
000002d8  __TI_Handler_Table_Base       
000002dc  __TI_Handler_Table_Limit      
00000239  __TI_auto_init_nobinit_nopinit
ffffffff  __TI_pprof_out_hndl           
ffffffff  __TI_prof_data_size           
ffffffff  __TI_prof_data_start          
00000000  __TI_static_base__            
000002b1  __TI_zero_init_nomemset       
ffffffff  __binit__                     
ffffffff  __c_args__                    
UNDEFED   __mpu_init                    
2000fe00  __stack                       
0000027d  _c_int00_noargs               
UNDEFED   _system_post_cinit            
000002c3  _system_pre_init              
000002c7  abort                         
ffffffff  binit                         
00000000  interruptVectors              
000001df  main                          


GLOBAL SYMBOLS: SORTED BY Symbol Address 

address   name                          
-------   ----                          
00000000  __TI_static_base__            
00000000  interruptVectors              
00000161  SVC_Handler                   
00000163  DebugMon_Handler              
00000165  PendSV_Handler                
00000169  PSS_IRQHandler                
0000016b  CS_IRQHandler                 
0000016d  PCM_IRQHandler                
0000016f  WDT_A_IRQHandler              
00000171  FPU_IRQHandler                
00000173  FLCTL_IRQHandler              
00000175  COMP_E0_IRQHandler            
00000177  COMP_E1_IRQHandler            
00000179  TA0_0_IRQHandler              
0000017b  TA0_N_IRQHandler              
0000017d  TA1_0_IRQHandler              
0000017f  TA1_N_IRQHandler              
00000181  TA2_0_IRQHandler              
00000183  TA2_N_IRQHandler              
00000185  TA3_0_IRQHandler              
00000187  TA3_N_IRQHandler              
00000189  EUSCIA0_IRQHandler            
0000018b  EUSCIA1_IRQHandler            
0000018d  EUSCIA2_IRQHandler            
0000018f  EUSCIA3_IRQHandler            
00000191  EUSCIB0_IRQHandler            
00000193  EUSCIB1_IRQHandler            
00000195  EUSCIB2_IRQHandler            
00000197  EUSCIB3_IRQHandler            
00000199  ADC14_IRQHandler              
0000019b  T32_INT1_IRQHandler           
0000019d  T32_INT2_IRQHandler           
0000019f  T32_INTC_IRQHandler           
000001a1  AES256_IRQHandler             
000001a3  RTC_C_IRQHandler              
000001a5  DMA_ERR_IRQHandler            
000001a7  DMA_INT3_IRQHandler           
000001a9  DMA_INT2_IRQHandler           
000001ab  DMA_INT1_IRQHandler           
000001ad  DMA_INT0_IRQHandler           
000001af  PORT1_IRQHandler              
000001b1  PORT2_IRQHandler              
000001b3  PORT3_IRQHandler              
000001b5  PORT4_IRQHandler              
000001b7  PORT5_IRQHandler              
000001b9  PORT6_IRQHandler              
000001bb  DisableInterrupts             
000001c1  EnableInterrupts              
000001c7  StartCritical                 
000001d1  EndCritical                   
000001d9  WaitForInterrupt              
000001df  main                          
000001e1  SysTick_Init                  
00000200  __STACK_SIZE                  
00000223  SysTick_Handler               
00000239  __TI_auto_init_nobinit_nopinit
0000027d  _c_int00_noargs               
000002b1  __TI_zero_init_nomemset       
000002c3  _system_pre_init              
000002c7  C$$EXIT                       
000002c7  abort                         
000002d8  __TI_Handler_Table_Base       
000002dc  __TI_CINIT_Base               
000002dc  __TI_Handler_Table_Limit      
000002e4  __TI_CINIT_Limit              
20000000  Counts                        
2000fe00  __stack                       
20010000  __STACK_END                   
4000480c  WDTCTL_SYM                    
ffffffff  __TI_pprof_out_hndl           
ffffffff  __TI_prof_data_size           
ffffffff  __TI_prof_data_start          
ffffffff  __binit__                     
ffffffff  __c_args__                    
ffffffff  binit                         
UNDEFED   __mpu_init                    
UNDEFED   _system_post_cinit            

[77 symbols]
