******************************************************************************
                  TI ARM Linker PC v5.2.7                      
******************************************************************************
>> Linked Fri Jul 22 14:31:57 2016

OUTPUT FILE NAME:   <PointerTrafficLight_MSP432.out>
ENTRY POINT SYMBOL: "_c_int00"  address: 00000535


MEMORY CONFIGURATION

         name            origin    length      used     unused   attr    fill
----------------------  --------  ---------  --------  --------  ----  --------
  MAIN                  00000000   00040000  000006d8  0003f928  R  X
  INFO                  00200000   00004000  00000000  00004000  R  X
  SRAM_CODE             01000000   00010000  00000000  00010000  RW X
  SRAM_DATA             20000000   00010000  00000214  0000fdec  RW  


SEGMENT ALLOCATION MAP

run origin  load origin   length   init length attrs members
----------  ----------- ---------- ----------- ----- -------
00000000    00000000    000006d8   000006d8    r-x
  00000000    00000000    00000144   00000144    r-- .intvecs
  00000144    00000144    00000514   00000514    r-x .text
  00000658    00000658    00000060   00000060    r-- .const
  000006b8    000006b8    00000020   00000020    r-- .cinit
20000000    20000000    00000014   00000000    rw-
  20000000    20000000    00000014   00000000    rw- .data
2000fe00    2000fe00    00000200   00000000    rw-
  2000fe00    2000fe00    00000200   00000000    rw- .stack


SECTION ALLOCATION MAP

 output                                  attributes/
section   page    origin      length       input sections
--------  ----  ----------  ----------   ----------------
.intvecs   0    00000000    00000144     
                  00000000    00000144     msp432_startup_ccs.obj (.intvecs)

.text      0    00000144    00000514     
                  00000144    000000f0     PointerTrafficLight.obj (.text)
                  00000234    0000009c     rtsv7M4_T_le_v4SPD16_eabi.lib : memcpy_t2.obj (.text)
                  000002d0    0000009a     msp432_startup_ccs.obj (.text)
                  0000036a    0000007a     rtsv7M4_T_le_v4SPD16_eabi.lib : memset_t2.obj (.text)
                  000003e4    00000078     SysTick.obj (.text)
                  0000045c    0000006c     rtsv7M4_T_le_v4SPD16_eabi.lib : autoinit.obj (.text)
                  000004c8    0000006a                                   : copy_decompress_rle.obj (.text)
                  00000532    00000002     --HOLE-- [fill = 0]
                  00000534    00000050                                   : boot.obj (.text)
                  00000584    0000004c                                   : cpy_tbl.obj (.text)
                  000005d0    00000044                                   : exit.obj (.text)
                  00000614    00000018                                   : args_main.obj (.text)
                  0000062c    00000014                                   : _lock.obj (.text)
                  00000640    0000000e                                   : copy_decompress_none.obj (.text:decompress:none)
                  0000064e    00000006                                   : copy_decompress_rle.obj (.text:decompress:rle24)
                  00000654    00000004                                   : pre_init.obj (.text)

.const     0    00000658    00000060     
                  00000658    00000060     PointerTrafficLight.obj (.const:FSM)

.cinit     0    000006b8    00000020     
                  000006b8    0000000f     (.cinit..data.load) [load image, compression = rle]
                  000006c7    00000001     --HOLE-- [fill = 0]
                  000006c8    00000008     (__TI_handler_table)
                  000006d0    00000008     (__TI_cinit_table)

.data      0    20000000    00000014     UNINITIALIZED
                  20000000    00000008     rtsv7M4_T_le_v4SPD16_eabi.lib : _lock.obj (.data)
                  20000008    00000008                                   : exit.obj (.data)
                  20000010    00000004                                   : stkdepth_vars.obj (.data)

.TI.persistent 
*          0    20000000    00000000     UNINITIALIZED

.stack     0    2000fe00    00000200     UNINITIALIZED
                  2000fe00    00000200     --HOLE--


LINKER GENERATED COPY TABLES

__TI_cinit_table @ 000006d0 records: 1, size/record: 8, table size: 8
	.data: load addr=000006b8, load size=0000000f bytes, run addr=20000000, run size=00000014 bytes, compression=rle


LINKER GENERATED HANDLER TABLE

__TI_handler_table @ 000006c8 records: 2, size/record: 4, table size: 8
	index: 0, handler: __TI_decompress_rle24
	index: 1, handler: __TI_decompress_none


GLOBAL SYMBOLS: SORTED ALPHABETICALLY BY Name 

address   name                    
-------   ----                    
00000325  ADC14_IRQHandler        
0000032d  AES256_IRQHandler       
000005d1  C$$EXIT                 
00000301  COMP_E0_IRQHandler      
00000303  COMP_E1_IRQHandler      
000002f7  CS_IRQHandler           
00000331  DMA_ERR_IRQHandler      
00000339  DMA_INT0_IRQHandler     
00000337  DMA_INT1_IRQHandler     
00000335  DMA_INT2_IRQHandler     
00000333  DMA_INT3_IRQHandler     
000002ef  DebugMon_Handler        
00000347  DisableInterrupts       
00000315  EUSCIA0_IRQHandler      
00000317  EUSCIA1_IRQHandler      
00000319  EUSCIA2_IRQHandler      
0000031b  EUSCIA3_IRQHandler      
0000031d  EUSCIB0_IRQHandler      
0000031f  EUSCIB1_IRQHandler      
00000321  EUSCIB2_IRQHandler      
00000323  EUSCIB3_IRQHandler      
0000034d  EnableInterrupts        
0000035d  EndCritical             
000002ff  FLCTL_IRQHandler        
000002fd  FPU_IRQHandler          
00000658  FSM                     
000002f9  PCM_IRQHandler          
0000033b  PORT1_IRQHandler        
0000033d  PORT2_IRQHandler        
0000033f  PORT3_IRQHandler        
00000341  PORT4_IRQHandler        
00000343  PORT5_IRQHandler        
00000345  PORT6_IRQHandler        
000002f5  PSS_IRQHandler          
000002f1  PendSV_Handler          
0000032f  RTC_C_IRQHandler        
UNDEFED   SHT$$INIT_ARRAY$$Base   
UNDEFED   SHT$$INIT_ARRAY$$Limit  
000002ed  SVC_Handler             
00000353  StartCritical           
000002f3  SysTick_Handler         
000003e5  SysTick_Init            
00000401  SysTick_Wait            
00000427  SysTick_Wait10ms        
00000327  T32_INT1_IRQHandler     
00000329  T32_INT2_IRQHandler     
0000032b  T32_INTC_IRQHandler     
00000305  TA0_0_IRQHandler        
00000307  TA0_N_IRQHandler        
00000309  TA1_0_IRQHandler        
0000030b  TA1_N_IRQHandler        
0000030d  TA2_0_IRQHandler        
0000030f  TA2_N_IRQHandler        
00000311  TA3_0_IRQHandler        
00000313  TA3_N_IRQHandler        
4000480c  WDTCTL_SYM              
000002fb  WDT_A_IRQHandler        
00000365  WaitForInterrupt        
20010000  __STACK_END             
00000200  __STACK_SIZE            
000006d0  __TI_CINIT_Base         
000006d8  __TI_CINIT_Limit        
000006c8  __TI_Handler_Table_Base 
000006d0  __TI_Handler_Table_Limit
0000045d  __TI_auto_init          
20000008  __TI_cleanup_ptr        
00000641  __TI_decompress_none    
0000064f  __TI_decompress_rle24   
2000000c  __TI_dtors_ptr          
00000000  __TI_static_base__      
0000036b  __aeabi_memclr          
0000036b  __aeabi_memclr4         
0000036b  __aeabi_memclr8         
00000235  __aeabi_memcpy          
00000235  __aeabi_memcpy4         
00000235  __aeabi_memcpy8         
0000036d  __aeabi_memset          
0000036d  __aeabi_memset4         
0000036d  __aeabi_memset8         
ffffffff  __binit__               
ffffffff  __c_args__              
2000fe00  __stack                 
00000615  _args_main              
00000535  _c_int00                
20000000  _lock                   
0000063b  _nop                    
00000633  _register_lock          
0000062d  _register_unlock        
00000655  _system_pre_init        
20000004  _unlock                 
000005d5  abort                   
ffffffff  binit                   
00000585  copy_in                 
000005dd  exit                    
00000000  interruptVectors        
00000145  main                    
000001c1  main2                   
20000010  main_func_sp            
00000235  memcpy                  
00000373  memset                  


GLOBAL SYMBOLS: SORTED BY Symbol Address 

address   name                    
-------   ----                    
00000000  __TI_static_base__      
00000000  interruptVectors        
00000145  main                    
000001c1  main2                   
00000200  __STACK_SIZE            
00000235  __aeabi_memcpy          
00000235  __aeabi_memcpy4         
00000235  __aeabi_memcpy8         
00000235  memcpy                  
000002ed  SVC_Handler             
000002ef  DebugMon_Handler        
000002f1  PendSV_Handler          
000002f3  SysTick_Handler         
000002f5  PSS_IRQHandler          
000002f7  CS_IRQHandler           
000002f9  PCM_IRQHandler          
000002fb  WDT_A_IRQHandler        
000002fd  FPU_IRQHandler          
000002ff  FLCTL_IRQHandler        
00000301  COMP_E0_IRQHandler      
00000303  COMP_E1_IRQHandler      
00000305  TA0_0_IRQHandler        
00000307  TA0_N_IRQHandler        
00000309  TA1_0_IRQHandler        
0000030b  TA1_N_IRQHandler        
0000030d  TA2_0_IRQHandler        
0000030f  TA2_N_IRQHandler        
00000311  TA3_0_IRQHandler        
00000313  TA3_N_IRQHandler        
00000315  EUSCIA0_IRQHandler      
00000317  EUSCIA1_IRQHandler      
00000319  EUSCIA2_IRQHandler      
0000031b  EUSCIA3_IRQHandler      
0000031d  EUSCIB0_IRQHandler      
0000031f  EUSCIB1_IRQHandler      
00000321  EUSCIB2_IRQHandler      
00000323  EUSCIB3_IRQHandler      
00000325  ADC14_IRQHandler        
00000327  T32_INT1_IRQHandler     
00000329  T32_INT2_IRQHandler     
0000032b  T32_INTC_IRQHandler     
0000032d  AES256_IRQHandler       
0000032f  RTC_C_IRQHandler        
00000331  DMA_ERR_IRQHandler      
00000333  DMA_INT3_IRQHandler     
00000335  DMA_INT2_IRQHandler     
00000337  DMA_INT1_IRQHandler     
00000339  DMA_INT0_IRQHandler     
0000033b  PORT1_IRQHandler        
0000033d  PORT2_IRQHandler        
0000033f  PORT3_IRQHandler        
00000341  PORT4_IRQHandler        
00000343  PORT5_IRQHandler        
00000345  PORT6_IRQHandler        
00000347  DisableInterrupts       
0000034d  EnableInterrupts        
00000353  StartCritical           
0000035d  EndCritical             
00000365  WaitForInterrupt        
0000036b  __aeabi_memclr          
0000036b  __aeabi_memclr4         
0000036b  __aeabi_memclr8         
0000036d  __aeabi_memset          
0000036d  __aeabi_memset4         
0000036d  __aeabi_memset8         
00000373  memset                  
000003e5  SysTick_Init            
00000401  SysTick_Wait            
00000427  SysTick_Wait10ms        
0000045d  __TI_auto_init          
00000535  _c_int00                
00000585  copy_in                 
000005d1  C$$EXIT                 
000005d5  abort                   
000005dd  exit                    
00000615  _args_main              
0000062d  _register_unlock        
00000633  _register_lock          
0000063b  _nop                    
00000641  __TI_decompress_none    
0000064f  __TI_decompress_rle24   
00000655  _system_pre_init        
00000658  FSM                     
000006c8  __TI_Handler_Table_Base 
000006d0  __TI_CINIT_Base         
000006d0  __TI_Handler_Table_Limit
000006d8  __TI_CINIT_Limit        
20000000  _lock                   
20000004  _unlock                 
20000008  __TI_cleanup_ptr        
2000000c  __TI_dtors_ptr          
20000010  main_func_sp            
2000fe00  __stack                 
20010000  __STACK_END             
4000480c  WDTCTL_SYM              
ffffffff  __binit__               
ffffffff  __c_args__              
ffffffff  binit                   
UNDEFED   SHT$$INIT_ARRAY$$Base   
UNDEFED   SHT$$INIT_ARRAY$$Limit  

[100 symbols]
