******************************************************************************
                  TI ARM Linker PC v5.2.7                      
******************************************************************************
>> Linked Wed Aug 03 13:23:00 2016

OUTPUT FILE NAME:   <EGCP_450_Lab_5_Template.out>
ENTRY POINT SYMBOL: "_c_int00"  address: 000003cd


MEMORY CONFIGURATION

         name            origin    length      used     unused   attr    fill
----------------------  --------  ---------  --------  --------  ----  --------
  MAIN                  00000000   00040000  00000514  0003faec  R  X
  INFO                  00200000   00004000  00000000  00004000  R  X
  SRAM_CODE             01000000   00010000  00000000  00010000  RW X
  SRAM_DATA             20000000   00010000  00000214  0000fdec  RW  


SEGMENT ALLOCATION MAP

run origin  load origin   length   init length attrs members
----------  ----------- ---------- ----------- ----- -------
00000000    00000000    00000518   00000518    r-x
  00000000    00000000    00000144   00000144    r-- .intvecs
  00000144    00000144    000003b0   000003b0    r-x .text
  000004f8    000004f8    00000020   00000020    r-- .cinit
20000000    20000000    00000014   00000000    rw-
  20000000    20000000    00000014   00000000    rw- .data
2000fe00    2000fe00    00000200   00000000    rw-
  2000fe00    2000fe00    00000200   00000000    rw- .stack


SECTION ALLOCATION MAP

 output                                  attributes/
section   page    origin      length       input sections
--------  ----  ----------  ----------   ----------------
.intvecs   0    00000000    00000144     
                  00000000    00000144     msp432_startup_ccs.obj (.intvecs)

.text      0    00000144    000003b0     
                  00000144    0000009c     rtsv7M4_T_le_v4SPD16_eabi.lib : memcpy_t2.obj (.text)
                  000001e0    0000009a     msp432_startup_ccs.obj (.text)
                  0000027a    0000007a     rtsv7M4_T_le_v4SPD16_eabi.lib : memset_t2.obj (.text)
                  000002f4    0000006c                                   : autoinit.obj (.text)
                  00000360    0000006a                                   : copy_decompress_rle.obj (.text)
                  000003ca    00000002     --HOLE-- [fill = 0]
                  000003cc    00000050                                   : boot.obj (.text)
                  0000041c    0000004c                                   : cpy_tbl.obj (.text)
                  00000468    00000044                                   : exit.obj (.text)
                  000004ac    00000018                                   : args_main.obj (.text)
                  000004c4    00000014                                   : _lock.obj (.text)
                  000004d8    0000000e                                   : copy_decompress_none.obj (.text:decompress:none)
                  000004e6    00000006                                   : copy_decompress_rle.obj (.text:decompress:rle24)
                  000004ec    00000004     PointerTrafficLight.obj (.text)
                  000004f0    00000004     rtsv7M4_T_le_v4SPD16_eabi.lib : pre_init.obj (.text)

.cinit     0    000004f8    00000020     
                  000004f8    0000000f     (.cinit..data.load) [load image, compression = rle]
                  00000507    00000001     --HOLE-- [fill = 0]
                  00000508    00000008     (__TI_handler_table)
                  00000510    00000008     (__TI_cinit_table)

.data      0    20000000    00000014     UNINITIALIZED
                  20000000    00000008     rtsv7M4_T_le_v4SPD16_eabi.lib : _lock.obj (.data)
                  20000008    00000008                                   : exit.obj (.data)
                  20000010    00000004                                   : stkdepth_vars.obj (.data)

.TI.persistent 
*          0    20000000    00000000     UNINITIALIZED

.stack     0    2000fe00    00000200     UNINITIALIZED
                  2000fe00    00000200     --HOLE--


LINKER GENERATED COPY TABLES

__TI_cinit_table @ 00000510 records: 1, size/record: 8, table size: 8
	.data: load addr=000004f8, load size=0000000f bytes, run addr=20000000, run size=00000014 bytes, compression=rle


LINKER GENERATED HANDLER TABLE

__TI_handler_table @ 00000508 records: 2, size/record: 4, table size: 8
	index: 0, handler: __TI_decompress_rle24
	index: 1, handler: __TI_decompress_none


GLOBAL SYMBOLS: SORTED ALPHABETICALLY BY Name 

address   name                    
-------   ----                    
00000235  ADC14_IRQHandler        
0000023d  AES256_IRQHandler       
00000469  C$$EXIT                 
00000211  COMP_E0_IRQHandler      
00000213  COMP_E1_IRQHandler      
00000207  CS_IRQHandler           
00000241  DMA_ERR_IRQHandler      
00000249  DMA_INT0_IRQHandler     
00000247  DMA_INT1_IRQHandler     
00000245  DMA_INT2_IRQHandler     
00000243  DMA_INT3_IRQHandler     
000001ff  DebugMon_Handler        
00000257  DisableInterrupts       
00000225  EUSCIA0_IRQHandler      
00000227  EUSCIA1_IRQHandler      
00000229  EUSCIA2_IRQHandler      
0000022b  EUSCIA3_IRQHandler      
0000022d  EUSCIB0_IRQHandler      
0000022f  EUSCIB1_IRQHandler      
00000231  EUSCIB2_IRQHandler      
00000233  EUSCIB3_IRQHandler      
0000025d  EnableInterrupts        
0000026d  EndCritical             
0000020f  FLCTL_IRQHandler        
0000020d  FPU_IRQHandler          
00000209  PCM_IRQHandler          
0000024b  PORT1_IRQHandler        
0000024d  PORT2_IRQHandler        
0000024f  PORT3_IRQHandler        
00000251  PORT4_IRQHandler        
00000253  PORT5_IRQHandler        
00000255  PORT6_IRQHandler        
00000205  PSS_IRQHandler          
00000201  PendSV_Handler          
0000023f  RTC_C_IRQHandler        
UNDEFED   SHT$$INIT_ARRAY$$Base   
UNDEFED   SHT$$INIT_ARRAY$$Limit  
000001fd  SVC_Handler             
00000263  StartCritical           
00000203  SysTick_Handler         
00000237  T32_INT1_IRQHandler     
00000239  T32_INT2_IRQHandler     
0000023b  T32_INTC_IRQHandler     
00000215  TA0_0_IRQHandler        
00000217  TA0_N_IRQHandler        
00000219  TA1_0_IRQHandler        
0000021b  TA1_N_IRQHandler        
0000021d  TA2_0_IRQHandler        
0000021f  TA2_N_IRQHandler        
00000221  TA3_0_IRQHandler        
00000223  TA3_N_IRQHandler        
4000480c  WDTCTL_SYM              
0000020b  WDT_A_IRQHandler        
00000275  WaitForInterrupt        
20010000  __STACK_END             
00000200  __STACK_SIZE            
00000510  __TI_CINIT_Base         
00000518  __TI_CINIT_Limit        
00000508  __TI_Handler_Table_Base 
00000510  __TI_Handler_Table_Limit
000002f5  __TI_auto_init          
20000008  __TI_cleanup_ptr        
000004d9  __TI_decompress_none    
000004e7  __TI_decompress_rle24   
2000000c  __TI_dtors_ptr          
00000000  __TI_static_base__      
0000027b  __aeabi_memclr          
0000027b  __aeabi_memclr4         
0000027b  __aeabi_memclr8         
00000145  __aeabi_memcpy          
00000145  __aeabi_memcpy4         
00000145  __aeabi_memcpy8         
0000027d  __aeabi_memset          
0000027d  __aeabi_memset4         
0000027d  __aeabi_memset8         
ffffffff  __binit__               
ffffffff  __c_args__              
2000fe00  __stack                 
000004ad  _args_main              
000003cd  _c_int00                
20000000  _lock                   
000004d3  _nop                    
000004cb  _register_lock          
000004c5  _register_unlock        
000004f1  _system_pre_init        
20000004  _unlock                 
0000046d  abort                   
ffffffff  binit                   
0000041d  copy_in                 
00000475  exit                    
00000000  interruptVectors        
000004ed  main                    
20000010  main_func_sp            
00000145  memcpy                  
00000283  memset                  


GLOBAL SYMBOLS: SORTED BY Symbol Address 

address   name                    
-------   ----                    
00000000  __TI_static_base__      
00000000  interruptVectors        
00000145  __aeabi_memcpy          
00000145  __aeabi_memcpy4         
00000145  __aeabi_memcpy8         
00000145  memcpy                  
000001fd  SVC_Handler             
000001ff  DebugMon_Handler        
00000200  __STACK_SIZE            
00000201  PendSV_Handler          
00000203  SysTick_Handler         
00000205  PSS_IRQHandler          
00000207  CS_IRQHandler           
00000209  PCM_IRQHandler          
0000020b  WDT_A_IRQHandler        
0000020d  FPU_IRQHandler          
0000020f  FLCTL_IRQHandler        
00000211  COMP_E0_IRQHandler      
00000213  COMP_E1_IRQHandler      
00000215  TA0_0_IRQHandler        
00000217  TA0_N_IRQHandler        
00000219  TA1_0_IRQHandler        
0000021b  TA1_N_IRQHandler        
0000021d  TA2_0_IRQHandler        
0000021f  TA2_N_IRQHandler        
00000221  TA3_0_IRQHandler        
00000223  TA3_N_IRQHandler        
00000225  EUSCIA0_IRQHandler      
00000227  EUSCIA1_IRQHandler      
00000229  EUSCIA2_IRQHandler      
0000022b  EUSCIA3_IRQHandler      
0000022d  EUSCIB0_IRQHandler      
0000022f  EUSCIB1_IRQHandler      
00000231  EUSCIB2_IRQHandler      
00000233  EUSCIB3_IRQHandler      
00000235  ADC14_IRQHandler        
00000237  T32_INT1_IRQHandler     
00000239  T32_INT2_IRQHandler     
0000023b  T32_INTC_IRQHandler     
0000023d  AES256_IRQHandler       
0000023f  RTC_C_IRQHandler        
00000241  DMA_ERR_IRQHandler      
00000243  DMA_INT3_IRQHandler     
00000245  DMA_INT2_IRQHandler     
00000247  DMA_INT1_IRQHandler     
00000249  DMA_INT0_IRQHandler     
0000024b  PORT1_IRQHandler        
0000024d  PORT2_IRQHandler        
0000024f  PORT3_IRQHandler        
00000251  PORT4_IRQHandler        
00000253  PORT5_IRQHandler        
00000255  PORT6_IRQHandler        
00000257  DisableInterrupts       
0000025d  EnableInterrupts        
00000263  StartCritical           
0000026d  EndCritical             
00000275  WaitForInterrupt        
0000027b  __aeabi_memclr          
0000027b  __aeabi_memclr4         
0000027b  __aeabi_memclr8         
0000027d  __aeabi_memset          
0000027d  __aeabi_memset4         
0000027d  __aeabi_memset8         
00000283  memset                  
000002f5  __TI_auto_init          
000003cd  _c_int00                
0000041d  copy_in                 
00000469  C$$EXIT                 
0000046d  abort                   
00000475  exit                    
000004ad  _args_main              
000004c5  _register_unlock        
000004cb  _register_lock          
000004d3  _nop                    
000004d9  __TI_decompress_none    
000004e7  __TI_decompress_rle24   
000004ed  main                    
000004f1  _system_pre_init        
00000508  __TI_Handler_Table_Base 
00000510  __TI_CINIT_Base         
00000510  __TI_Handler_Table_Limit
00000518  __TI_CINIT_Limit        
20000000  _lock                   
20000004  _unlock                 
20000008  __TI_cleanup_ptr        
2000000c  __TI_dtors_ptr          
20000010  main_func_sp            
2000fe00  __stack                 
20010000  __STACK_END             
4000480c  WDTCTL_SYM              
ffffffff  __binit__               
ffffffff  __c_args__              
ffffffff  binit                   
UNDEFED   SHT$$INIT_ARRAY$$Base   
UNDEFED   SHT$$INIT_ARRAY$$Limit  

[95 symbols]
