******************************************************************************
                  TI ARM Linker PC v5.2.7                      
******************************************************************************
>> Linked Thu Sep 01 09:34:52 2016

OUTPUT FILE NAME:   <InputOutput_MSP432asm.out>
ENTRY POINT SYMBOL: "_c_int00"  address: 000003ed


MEMORY CONFIGURATION

         name            origin    length      used     unused   attr    fill
----------------------  --------  ---------  --------  --------  ----  --------
  MAIN                  00000000   00040000  000004fc  0003fb04  R  X
  INFO                  00200000   00004000  00000000  00004000  R  X
  SRAM_CODE             01000000   00010000  00000000  00010000  RW X
  SRAM_DATA             20000000   00010000  00000014  0000ffec  RW  


SEGMENT ALLOCATION MAP

run origin  load origin   length   init length attrs members
----------  ----------- ---------- ----------- ----- -------
00000000    00000000    000004fc   000004fc    r-x
  00000000    00000000    00000144   00000144    r-- .intvecs
  00000144    00000144    000003b8   000003b8    r-x .text
20000000    20000000    00000014   00000014    rw-
  20000000    20000000    00000014   00000014    rw- .data


SECTION ALLOCATION MAP

 output                                  attributes/
section   page    origin      length       input sections
--------  ----  ----------  ----------   ----------------
.intvecs   0    00000000    00000144     
                  00000000    00000144     msp432_startup_ccs.obj (.intvecs)

.text      0    00000144    000003b8     
                  00000144    00000102     main.obj (.text)
                  00000246    0000009c     rtsv7M4_T_le_v4SPD16_eabi.lib : memcpy_t2.obj (.text)
                  000002e2    00000002     --HOLE-- [fill = 0]
                  000002e4    0000009a     msp432_startup_ccs.obj (.text)
                  0000037e    00000002     --HOLE-- [fill = 0]
                  00000380    0000006c     rtsv7M4_T_le_v4SPD16_eabi.lib : autoinit.obj (.text)
                  000003ec    00000050                                   : boot.obj (.text)
                  0000043c    0000004c                                   : cpy_tbl.obj (.text)
                  00000488    00000044                                   : exit.obj (.text)
                  000004cc    00000018                                   : args_main.obj (.text)
                  000004e4    00000014                                   : _lock.obj (.text)
                  000004f8    00000004                                   : pre_init.obj (.text)

.cinit     0    00000000    00000000     UNINITIALIZED

.data      0    20000000    00000014     
                  20000000    00000008     rtsv7M4_T_le_v4SPD16_eabi.lib : _lock.obj (.data)
                  20000008    00000008                                   : exit.obj (.data)
                  20000010    00000004                                   : stkdepth_vars.obj (.data)

.TI.persistent 
*          0    20000000    00000000     UNINITIALIZED

.stack     0    20010000    00000000     UNINITIALIZED


GLOBAL SYMBOLS: SORTED ALPHABETICALLY BY Name 

address   name                    
-------   ----                    
00000339  ADC14_IRQHandler        
00000341  AES256_IRQHandler       
00000489  C$$EXIT                 
00000315  COMP_E0_IRQHandler      
00000317  COMP_E1_IRQHandler      
0000030b  CS_IRQHandler           
00000345  DMA_ERR_IRQHandler      
0000034d  DMA_INT0_IRQHandler     
0000034b  DMA_INT1_IRQHandler     
00000349  DMA_INT2_IRQHandler     
00000347  DMA_INT3_IRQHandler     
00000303  DebugMon_Handler        
0000035b  DisableInterrupts       
00000329  EUSCIA0_IRQHandler      
0000032b  EUSCIA1_IRQHandler      
0000032d  EUSCIA2_IRQHandler      
0000032f  EUSCIA3_IRQHandler      
00000331  EUSCIB0_IRQHandler      
00000333  EUSCIB1_IRQHandler      
00000335  EUSCIB2_IRQHandler      
00000337  EUSCIB3_IRQHandler      
00000361  EnableInterrupts        
00000371  EndCritical             
00000313  FLCTL_IRQHandler        
00000311  FPU_IRQHandler          
0000030d  PCM_IRQHandler          
0000034f  PORT1_IRQHandler        
00000351  PORT2_IRQHandler        
00000353  PORT3_IRQHandler        
00000355  PORT4_IRQHandler        
00000357  PORT5_IRQHandler        
00000359  PORT6_IRQHandler        
00000309  PSS_IRQHandler          
00000305  PendSV_Handler          
00000343  RTC_C_IRQHandler        
UNDEFED   SHT$$INIT_ARRAY$$Base   
UNDEFED   SHT$$INIT_ARRAY$$Limit  
00000301  SVC_Handler             
00000367  StartCritical           
00000307  SysTick_Handler         
0000033b  T32_INT1_IRQHandler     
0000033d  T32_INT2_IRQHandler     
0000033f  T32_INTC_IRQHandler     
00000319  TA0_0_IRQHandler        
0000031b  TA0_N_IRQHandler        
0000031d  TA1_0_IRQHandler        
0000031f  TA1_N_IRQHandler        
00000321  TA2_0_IRQHandler        
00000323  TA2_N_IRQHandler        
00000325  TA3_0_IRQHandler        
00000327  TA3_N_IRQHandler        
4000480c  WDTCTL_SYM              
0000030f  WDT_A_IRQHandler        
00000379  WaitForInterrupt        
20010000  __STACK_END             
00000000  __STACK_SIZE            
UNDEFED   __TI_CINIT_Base         
UNDEFED   __TI_CINIT_Limit        
UNDEFED   __TI_Handler_Table_Base 
UNDEFED   __TI_Handler_Table_Limit
00000381  __TI_auto_init          
20000008  __TI_cleanup_ptr        
2000000c  __TI_dtors_ptr          
00000000  __TI_static_base__      
00000247  __aeabi_memcpy          
00000247  __aeabi_memcpy4         
00000247  __aeabi_memcpy8         
ffffffff  __binit__               
ffffffff  __c_args__              
20010000  __stack                 
000004cd  _args_main              
000003ed  _c_int00                
20000000  _lock                   
000004f3  _nop                    
000004eb  _register_lock          
000004e5  _register_unlock        
000004f9  _system_pre_init        
20000004  _unlock                 
0000048d  abort                   
ffffffff  binit                   
0000043d  copy_in                 
00000495  exit                    
00000000  interruptVectors        
0000017d  main                    
20000010  main_func_sp            
00000247  memcpy                  


GLOBAL SYMBOLS: SORTED BY Symbol Address 

address   name                    
-------   ----                    
00000000  __STACK_SIZE            
00000000  __TI_static_base__      
00000000  interruptVectors        
0000017d  main                    
00000247  __aeabi_memcpy          
00000247  __aeabi_memcpy4         
00000247  __aeabi_memcpy8         
00000247  memcpy                  
00000301  SVC_Handler             
00000303  DebugMon_Handler        
00000305  PendSV_Handler          
00000307  SysTick_Handler         
00000309  PSS_IRQHandler          
0000030b  CS_IRQHandler           
0000030d  PCM_IRQHandler          
0000030f  WDT_A_IRQHandler        
00000311  FPU_IRQHandler          
00000313  FLCTL_IRQHandler        
00000315  COMP_E0_IRQHandler      
00000317  COMP_E1_IRQHandler      
00000319  TA0_0_IRQHandler        
0000031b  TA0_N_IRQHandler        
0000031d  TA1_0_IRQHandler        
0000031f  TA1_N_IRQHandler        
00000321  TA2_0_IRQHandler        
00000323  TA2_N_IRQHandler        
00000325  TA3_0_IRQHandler        
00000327  TA3_N_IRQHandler        
00000329  EUSCIA0_IRQHandler      
0000032b  EUSCIA1_IRQHandler      
0000032d  EUSCIA2_IRQHandler      
0000032f  EUSCIA3_IRQHandler      
00000331  EUSCIB0_IRQHandler      
00000333  EUSCIB1_IRQHandler      
00000335  EUSCIB2_IRQHandler      
00000337  EUSCIB3_IRQHandler      
00000339  ADC14_IRQHandler        
0000033b  T32_INT1_IRQHandler     
0000033d  T32_INT2_IRQHandler     
0000033f  T32_INTC_IRQHandler     
00000341  AES256_IRQHandler       
00000343  RTC_C_IRQHandler        
00000345  DMA_ERR_IRQHandler      
00000347  DMA_INT3_IRQHandler     
00000349  DMA_INT2_IRQHandler     
0000034b  DMA_INT1_IRQHandler     
0000034d  DMA_INT0_IRQHandler     
0000034f  PORT1_IRQHandler        
00000351  PORT2_IRQHandler        
00000353  PORT3_IRQHandler        
00000355  PORT4_IRQHandler        
00000357  PORT5_IRQHandler        
00000359  PORT6_IRQHandler        
0000035b  DisableInterrupts       
00000361  EnableInterrupts        
00000367  StartCritical           
00000371  EndCritical             
00000379  WaitForInterrupt        
00000381  __TI_auto_init          
000003ed  _c_int00                
0000043d  copy_in                 
00000489  C$$EXIT                 
0000048d  abort                   
00000495  exit                    
000004cd  _args_main              
000004e5  _register_unlock        
000004eb  _register_lock          
000004f3  _nop                    
000004f9  _system_pre_init        
20000000  _lock                   
20000004  _unlock                 
20000008  __TI_cleanup_ptr        
2000000c  __TI_dtors_ptr          
20000010  main_func_sp            
20010000  __STACK_END             
20010000  __stack                 
4000480c  WDTCTL_SYM              
ffffffff  __binit__               
ffffffff  __c_args__              
ffffffff  binit                   
UNDEFED   SHT$$INIT_ARRAY$$Base   
UNDEFED   SHT$$INIT_ARRAY$$Limit  
UNDEFED   __TI_CINIT_Base         
UNDEFED   __TI_CINIT_Limit        
UNDEFED   __TI_Handler_Table_Base 
UNDEFED   __TI_Handler_Table_Limit

[86 symbols]
