******************************************************************************
                  TI ARM Linker PC v18.12.1                    
******************************************************************************
>> Linked Mon Sep 23 17:27:46 2019

OUTPUT FILE NAME:   <Lab3.out>
ENTRY POINT SYMBOL: "_c_int00_noinit_noargs"  address: 00000329


MEMORY CONFIGURATION

         name            origin    length      used     unused   attr    fill
----------------------  --------  ---------  --------  --------  ----  --------
  MAIN                  00000000   00040000  0000035c  0003fca4  R  X
  INFO                  00200000   00004000  00000000  00004000  R  X
  SRAM_CODE             01000000   00010000  00000000  00010000  RW X
  SRAM_DATA             20000000   00010000  00000004  0000fffc  RW  


SEGMENT ALLOCATION MAP

run origin  load origin   length   init length attrs members
----------  ----------- ---------- ----------- ----- -------
00000000    00000000    0000035c   0000035c    r-x
  00000000    00000000    00000144   00000144    r-- .intvecs
  00000144    00000144    00000218   00000218    r-x .text
2000fff8    2000fff8    00000004   00000000    rw-
  2000fff8    2000fff8    00000004   00000000    rw- .stack


SECTION ALLOCATION MAP

 output                                  attributes/
section   page    origin      length       input sections
--------  ----  ----------  ----------   ----------------
.intvecs   0    00000000    00000144     
                  00000000    00000144     msp432_startup_ccs.obj (.intvecs)

.text      0    00000144    00000218     
                  00000144    00000148     main.obj (.text)
                  0000028c    0000009a     msp432_startup_ccs.obj (.text)
                  00000326    00000002     --HOLE-- [fill = 0]
                  00000328    0000002c     rtsv7M4_T_le_v4SPD16_eabi.lib : boot_cortex_m.c.obj (.text:_c_int00_noinit_noargs:_c_int00_noinit_noargs)
                  00000354    00000004                                   : pre_init.c.obj (.text:_system_pre_init)
                  00000358    00000004                                   : exit.c.obj (.text:abort:abort)

.cinit     0    00000000    00000000     UNINITIALIZED

.stack     0    2000fff8    00000004     UNINITIALIZED
                  2000fff8    00000004     rtsv7M4_T_le_v4SPD16_eabi.lib : boot_cortex_m.c.obj (.stack)

MODULE SUMMARY

       Module                   code   ro data   rw data
       ------                   ----   -------   -------
    .\
       msp432_startup_ccs.obj   154    324       0      
       main.obj                 328    0         0      
    +--+------------------------+------+---------+---------+
       Total:                   482    324       0      
                                                        
    C:\ti\ccs901\ccs\tools\compiler\ti-cgt-arm_18.12.1.LTS\lib\rtsv7M4_T_le_v4SPD16_eabi.lib
       boot_cortex_m.c.obj      44     0         0      
       exit.c.obj               4      0         0      
       pre_init.c.obj           4      0         0      
    +--+------------------------+------+---------+---------+
       Total:                   52     0         0      
                                                        
       Stack:                   0      0         4      
    +--+------------------------+------+---------+---------+
       Grand Total:             534    324       4      


GLOBAL SYMBOLS: SORTED ALPHABETICALLY BY Name 

address   name                  
-------   ----                  
000002e1  ADC14_IRQHandler      
000002e9  AES256_IRQHandler     
00000359  C$$EXIT               
000002bd  COMP_E0_IRQHandler    
000002bf  COMP_E1_IRQHandler    
000002b3  CS_IRQHandler         
000002ed  DMA_ERR_IRQHandler    
000002f5  DMA_INT0_IRQHandler   
000002f3  DMA_INT1_IRQHandler   
000002f1  DMA_INT2_IRQHandler   
000002ef  DMA_INT3_IRQHandler   
000002ab  DebugMon_Handler      
00000303  DisableInterrupts     
000002d1  EUSCIA0_IRQHandler    
000002d3  EUSCIA1_IRQHandler    
000002d5  EUSCIA2_IRQHandler    
000002d7  EUSCIA3_IRQHandler    
000002d9  EUSCIB0_IRQHandler    
000002db  EUSCIB1_IRQHandler    
000002dd  EUSCIB2_IRQHandler    
000002df  EUSCIB3_IRQHandler    
00000309  EnableInterrupts      
00000319  EndCritical           
000002bb  FLCTL_IRQHandler      
000002b9  FPU_IRQHandler        
000002b5  PCM_IRQHandler        
000002f7  PORT1_IRQHandler      
000002f9  PORT2_IRQHandler      
000002fb  PORT3_IRQHandler      
000002fd  PORT4_IRQHandler      
000002ff  PORT5_IRQHandler      
00000301  PORT6_IRQHandler      
000002b1  PSS_IRQHandler        
000002ad  PendSV_Handler        
000002eb  RTC_C_IRQHandler      
000002a9  SVC_Handler           
0000030f  StartCritical         
000002af  SysTick_Handler       
000002e3  T32_INT1_IRQHandler   
000002e5  T32_INT2_IRQHandler   
000002e7  T32_INTC_IRQHandler   
000002c1  TA0_0_IRQHandler      
000002c3  TA0_N_IRQHandler      
000002c5  TA1_0_IRQHandler      
000002c7  TA1_N_IRQHandler      
000002c9  TA2_0_IRQHandler      
000002cb  TA2_N_IRQHandler      
000002cd  TA3_0_IRQHandler      
000002cf  TA3_N_IRQHandler      
4000480c  WDTCTL_SYM            
000002b7  WDT_A_IRQHandler      
00000321  WaitForInterrupt      
2000fffc  __STACK_END           
00000004  __STACK_SIZE          
ffffffff  __TI_pprof_out_hndl   
ffffffff  __TI_prof_data_size   
ffffffff  __TI_prof_data_start  
00000000  __TI_static_base__    
ffffffff  __binit__             
ffffffff  __c_args__            
UNDEFED   __mpu_init            
2000fff8  __stack               
00000329  _c_int00_noinit_noargs
00000355  _system_pre_init      
00000359  abort                 
ffffffff  binit                 
00000000  interruptVectors      
00000189  main                  


GLOBAL SYMBOLS: SORTED BY Symbol Address 

address   name                  
-------   ----                  
00000000  __TI_static_base__    
00000000  interruptVectors      
00000004  __STACK_SIZE          
00000189  main                  
000002a9  SVC_Handler           
000002ab  DebugMon_Handler      
000002ad  PendSV_Handler        
000002af  SysTick_Handler       
000002b1  PSS_IRQHandler        
000002b3  CS_IRQHandler         
000002b5  PCM_IRQHandler        
000002b7  WDT_A_IRQHandler      
000002b9  FPU_IRQHandler        
000002bb  FLCTL_IRQHandler      
000002bd  COMP_E0_IRQHandler    
000002bf  COMP_E1_IRQHandler    
000002c1  TA0_0_IRQHandler      
000002c3  TA0_N_IRQHandler      
000002c5  TA1_0_IRQHandler      
000002c7  TA1_N_IRQHandler      
000002c9  TA2_0_IRQHandler      
000002cb  TA2_N_IRQHandler      
000002cd  TA3_0_IRQHandler      
000002cf  TA3_N_IRQHandler      
000002d1  EUSCIA0_IRQHandler    
000002d3  EUSCIA1_IRQHandler    
000002d5  EUSCIA2_IRQHandler    
000002d7  EUSCIA3_IRQHandler    
000002d9  EUSCIB0_IRQHandler    
000002db  EUSCIB1_IRQHandler    
000002dd  EUSCIB2_IRQHandler    
000002df  EUSCIB3_IRQHandler    
000002e1  ADC14_IRQHandler      
000002e3  T32_INT1_IRQHandler   
000002e5  T32_INT2_IRQHandler   
000002e7  T32_INTC_IRQHandler   
000002e9  AES256_IRQHandler     
000002eb  RTC_C_IRQHandler      
000002ed  DMA_ERR_IRQHandler    
000002ef  DMA_INT3_IRQHandler   
000002f1  DMA_INT2_IRQHandler   
000002f3  DMA_INT1_IRQHandler   
000002f5  DMA_INT0_IRQHandler   
000002f7  PORT1_IRQHandler      
000002f9  PORT2_IRQHandler      
000002fb  PORT3_IRQHandler      
000002fd  PORT4_IRQHandler      
000002ff  PORT5_IRQHandler      
00000301  PORT6_IRQHandler      
00000303  DisableInterrupts     
00000309  EnableInterrupts      
0000030f  StartCritical         
00000319  EndCritical           
00000321  WaitForInterrupt      
00000329  _c_int00_noinit_noargs
00000355  _system_pre_init      
00000359  C$$EXIT               
00000359  abort                 
2000fff8  __stack               
2000fffc  __STACK_END           
4000480c  WDTCTL_SYM            
ffffffff  __TI_pprof_out_hndl   
ffffffff  __TI_prof_data_size   
ffffffff  __TI_prof_data_start  
ffffffff  __binit__             
ffffffff  __c_args__            
ffffffff  binit                 
UNDEFED   __mpu_init            

[68 symbols]
