AR lab_2_part_b behavioral D:/EGCP381/Lab2/Lab2/lab_2_part_b.vhd sub00/vhpl03
EN lab_2_part_a NULL D:/EGCP381/Lab2/Lab2/lab_2_part_a.vhd sub00/vhpl00
EN lab_2_part_b NULL D:/EGCP381/Lab2/Lab2/lab_2_part_b.vhd sub00/vhpl02
AR lab_2_part_a behavioral D:/EGCP381/Lab2/Lab2/lab_2_part_a.vhd sub00/vhpl01
